{
    "Name":"Square Donut",
  "Author":"BeamNG",
    "Type":"Prop"
}